01:02:29.983 default [Thread-5] INFO  o.s.b.c.e.AnnotationConfigEmbeddedWebApplicationContext - Closing org.springframework.boot.context.embedded.AnnotationConfigEmbeddedWebApplicationContext@7a4ccb53: startup date [Thu Oct 17 22:54:52 EEST 2024]; root of context hierarchy
01:02:29.986 default [Thread-5] INFO  o.s.c.s.DefaultLifecycleProcessor - Stopping beans in phase 0
01:02:29.989 default [Thread-5] INFO  o.s.b.a.e.jmx.EndpointMBeanExporter - Unregistering JMX-exposed beans on shutdown
01:02:29.989 default [Thread-5] INFO  o.s.b.a.e.jmx.EndpointMBeanExporter - Unregistering JMX-exposed beans
01:02:29.990 default [Thread-5] INFO  o.s.j.e.a.AnnotationMBeanExporter - Unregistering JMX-exposed beans on shutdown
01:02:29.999 default [Thread-5] INFO  o.s.b.a.d.e.ElasticsearchAutoConfiguration - Closing Elasticsearch client
01:02:33.108 default [main] INFO  c.s.carehome.CareHomeWarApplication - Starting CareHomeWarApplication on worker01 with PID 190569 (/home/ioana/Desktop/carehome_services-master/sources/target/classes started by ioana in /home/ioana/Desktop/carehome_services-master)
01:02:33.111 default [main] DEBUG c.s.carehome.CareHomeWarApplication - Running with Spring Boot v1.3.3.RELEASE, Spring v4.2.5.RELEASE
01:02:33.111 default [main] INFO  c.s.carehome.CareHomeWarApplication - No active profile set, falling back to default profiles: default
01:02:33.291 default [main] INFO  o.s.b.c.e.AnnotationConfigEmbeddedWebApplicationContext - Refreshing org.springframework.boot.context.embedded.AnnotationConfigEmbeddedWebApplicationContext@7a4ccb53: startup date [Fri Oct 18 01:02:33 EEST 2024]; root of context hierarchy
01:02:33.936 default [main] INFO  o.s.b.f.s.DefaultListableBeanFactory - Overriding bean definition for bean 'beanNameViewResolver' with a different definition: replacing [Root bean: class [null]; scope=; abstract=false; lazyInit=false; autowireMode=3; dependencyCheck=0; autowireCandidate=true; primary=false; factoryBeanName=org.springframework.boot.autoconfigure.web.ErrorMvcAutoConfiguration$WhitelabelErrorViewConfiguration; factoryMethodName=beanNameViewResolver; initMethodName=null; destroyMethodName=(inferred); defined in class path resource [org/springframework/boot/autoconfigure/web/ErrorMvcAutoConfiguration$WhitelabelErrorViewConfiguration.class]] with [Root bean: class [null]; scope=; abstract=false; lazyInit=false; autowireMode=3; dependencyCheck=0; autowireCandidate=true; primary=false; factoryBeanName=org.springframework.boot.autoconfigure.web.WebMvcAutoConfiguration$WebMvcAutoConfigurationAdapter; factoryMethodName=beanNameViewResolver; initMethodName=null; destroyMethodName=(inferred); defined in class path resource [org/springframework/boot/autoconfigure/web/WebMvcAutoConfiguration$WebMvcAutoConfigurationAdapter.class]]
01:02:33.993 default [main] INFO  o.s.b.f.s.DefaultListableBeanFactory - Overriding bean definition for bean 'managementServletContext' with a different definition: replacing [Root bean: class [null]; scope=; abstract=false; lazyInit=false; autowireMode=3; dependencyCheck=0; autowireCandidate=true; primary=false; factoryBeanName=org.springframework.boot.actuate.autoconfigure.EndpointWebMvcHypermediaManagementContextConfiguration; factoryMethodName=managementServletContext; initMethodName=null; destroyMethodName=(inferred); defined in class path resource [org/springframework/boot/actuate/autoconfigure/EndpointWebMvcHypermediaManagementContextConfiguration.class]] with [Root bean: class [null]; scope=; abstract=false; lazyInit=false; autowireMode=3; dependencyCheck=0; autowireCandidate=true; primary=false; factoryBeanName=org.springframework.boot.actuate.autoconfigure.EndpointWebMvcAutoConfiguration; factoryMethodName=managementServletContext; initMethodName=null; destroyMethodName=(inferred); defined in class path resource [org/springframework/boot/actuate/autoconfigure/EndpointWebMvcAutoConfiguration.class]]
01:02:34.088 default [main] INFO  o.s.b.f.s.DefaultListableBeanFactory - Overriding bean definition for bean 'addressRepository' with a different definition: replacing [Root bean: class [org.springframework.data.elasticsearch.repository.support.ElasticsearchRepositoryFactoryBean]; scope=; abstract=false; lazyInit=false; autowireMode=0; dependencyCheck=0; autowireCandidate=true; primary=false; factoryBeanName=null; factoryMethodName=null; initMethodName=null; destroyMethodName=null] with [Root bean: class [org.springframework.data.mongodb.repository.support.MongoRepositoryFactoryBean]; scope=; abstract=false; lazyInit=false; autowireMode=0; dependencyCheck=0; autowireCandidate=true; primary=false; factoryBeanName=null; factoryMethodName=null; initMethodName=null; destroyMethodName=null]
01:02:34.313 default [main] INFO  o.s.c.s.PostProcessorRegistrationDelegate$BeanPostProcessorChecker - Bean 'org.springframework.security.config.annotation.configuration.ObjectPostProcessorConfiguration' of type [class org.springframework.security.config.annotation.configuration.ObjectPostProcessorConfiguration$$EnhancerBySpringCGLIB$$e6f97678] is not eligible for getting processed by all BeanPostProcessors (for example: not eligible for auto-proxying)
01:02:34.373 default [main] INFO  o.s.c.s.PostProcessorRegistrationDelegate$BeanPostProcessorChecker - Bean 'objectPostProcessor' of type [class org.springframework.security.config.annotation.configuration.AutowireBeanFactoryObjectPostProcessor] is not eligible for getting processed by all BeanPostProcessors (for example: not eligible for auto-proxying)
01:02:34.375 default [main] INFO  o.s.c.s.PostProcessorRegistrationDelegate$BeanPostProcessorChecker - Bean 'org.springframework.security.access.expression.method.DefaultMethodSecurityExpressionHandler@52bd9a27' of type [class org.springframework.security.access.expression.method.DefaultMethodSecurityExpressionHandler] is not eligible for getting processed by all BeanPostProcessors (for example: not eligible for auto-proxying)
01:02:34.382 default [main] INFO  o.s.c.s.PostProcessorRegistrationDelegate$BeanPostProcessorChecker - Bean 'org.springframework.security.config.annotation.method.configuration.GlobalMethodSecurityConfiguration' of type [class org.springframework.security.config.annotation.method.configuration.GlobalMethodSecurityConfiguration$$EnhancerBySpringCGLIB$$99d7aaea] is not eligible for getting processed by all BeanPostProcessors (for example: not eligible for auto-proxying)
01:02:34.388 default [main] INFO  o.s.c.s.PostProcessorRegistrationDelegate$BeanPostProcessorChecker - Bean 'methodSecurityMetadataSource' of type [class org.springframework.security.access.method.DelegatingMethodSecurityMetadataSource] is not eligible for getting processed by all BeanPostProcessors (for example: not eligible for auto-proxying)
01:02:34.583 default [main] INFO  o.s.b.c.e.t.TomcatEmbeddedServletContainer - Tomcat initialized with port(s): 8181 (http)
01:02:34.642 default [localhost-startStop-1] INFO  o.s.web.context.ContextLoader - Root WebApplicationContext: initialization completed in 1351 ms
01:02:35.253 default [localhost-startStop-1] INFO  o.s.b.c.e.FilterRegistrationBean - Mapping filter: 'metricFilter' to: [/*]
01:02:35.254 default [localhost-startStop-1] INFO  o.s.b.c.e.FilterRegistrationBean - Mapping filter: 'characterEncodingFilter' to: [/*]
01:02:35.254 default [localhost-startStop-1] INFO  o.s.b.c.e.FilterRegistrationBean - Mapping filter: 'hiddenHttpMethodFilter' to: [/*]
01:02:35.254 default [localhost-startStop-1] INFO  o.s.b.c.e.FilterRegistrationBean - Mapping filter: 'httpPutFormContentFilter' to: [/*]
01:02:35.254 default [localhost-startStop-1] INFO  o.s.b.c.e.FilterRegistrationBean - Mapping filter: 'requestContextFilter' to: [/*]
01:02:35.254 default [localhost-startStop-1] INFO  o.s.b.c.e.DelegatingFilterProxyRegistrationBean - Mapping filter: 'springSecurityFilterChain' to: [/*]
01:02:35.255 default [localhost-startStop-1] INFO  o.s.b.c.e.FilterRegistrationBean - Mapping filter: 'webRequestLoggingFilter' to: [/*]
01:02:35.255 default [localhost-startStop-1] INFO  o.s.b.c.e.FilterRegistrationBean - Mapping filter: 'jwtAuthenticationFilter' to: [/*]
01:02:35.255 default [localhost-startStop-1] INFO  o.s.b.c.e.FilterRegistrationBean - Mapping filter: 'corsFilter' to: [/*]
01:02:35.255 default [localhost-startStop-1] INFO  o.s.b.c.e.FilterRegistrationBean - Mapping filter: 'applicationContextIdFilter' to: [/*]
01:02:35.255 default [localhost-startStop-1] INFO  o.s.b.c.e.ServletRegistrationBean - Mapping servlet: 'dispatcherServlet' to [/]
01:02:35.273 default [localhost-startStop-1] DEBUG c.s.c.web.JwtAuthenticationFilter - Initializing filter 'jwtAuthenticationFilter'
01:02:35.273 default [localhost-startStop-1] DEBUG c.s.c.web.JwtAuthenticationFilter - Filter 'jwtAuthenticationFilter' configured successfully
01:02:35.366 default [localhost-startStop-1] INFO  o.s.b.a.s.AuthenticationManagerConfiguration - 

Using default security password: f58713dd-a592-4a4e-aea5-4b96817c7db5

01:02:35.404 default [localhost-startStop-1] INFO  o.s.s.web.DefaultSecurityFilterChain - Creating filter chain: OrRequestMatcher [requestMatchers=[Ant [pattern='/css/**'], Ant [pattern='/js/**'], Ant [pattern='/images/**'], Ant [pattern='/**/favicon.ico'], Ant [pattern='/error']]], []
01:02:35.437 default [localhost-startStop-1] INFO  o.s.s.web.DefaultSecurityFilterChain - Creating filter chain: org.springframework.security.web.util.matcher.AnyRequestMatcher@1, [org.springframework.security.web.context.request.async.WebAsyncManagerIntegrationFilter@750cae92, org.springframework.security.web.context.SecurityContextPersistenceFilter@57af4512, org.springframework.security.web.header.HeaderWriterFilter@44e5af0, org.springframework.security.web.authentication.logout.LogoutFilter@550ad1f3, org.springframework.web.filter.CorsFilter@101d32b7, com.servustech.carehome.web.JwtAuthenticationFilter@3141bf03, org.springframework.security.web.savedrequest.RequestCacheAwareFilter@2a84050c, org.springframework.security.web.servletapi.SecurityContextHolderAwareRequestFilter@5fb38af4, org.springframework.security.web.authentication.AnonymousAuthenticationFilter@18771714, org.springframework.security.web.session.SessionManagementFilter@56186a8f, org.springframework.security.web.access.ExceptionTranslationFilter@4574780c, org.springframework.security.web.access.intercept.FilterSecurityInterceptor@4b31ac5d]
01:02:35.445 default [localhost-startStop-1] INFO  o.s.s.web.DefaultSecurityFilterChain - Creating filter chain: Ant [pattern='/actuator/**'], [org.springframework.security.web.context.request.async.WebAsyncManagerIntegrationFilter@517ace7e, org.springframework.security.web.context.SecurityContextPersistenceFilter@36975465, org.springframework.security.web.header.HeaderWriterFilter@52e42c53, org.springframework.security.web.authentication.logout.LogoutFilter@57a10e96, org.springframework.security.web.authentication.www.BasicAuthenticationFilter@4163e341, org.springframework.security.web.savedrequest.RequestCacheAwareFilter@527cdcef, org.springframework.security.web.servletapi.SecurityContextHolderAwareRequestFilter@2109f447, org.springframework.security.web.authentication.AnonymousAuthenticationFilter@f5d56fb, org.springframework.security.web.session.SessionManagementFilter@33d8a0d0, org.springframework.security.web.access.ExceptionTranslationFilter@4e455949, org.springframework.security.web.access.intercept.FilterSecurityInterceptor@626393c2]
01:02:35.587 default [main] WARN  o.s.b.c.e.AnnotationConfigEmbeddedWebApplicationContext - Exception encountered during context initialization - cancelling refresh attempt: org.springframework.beans.factory.BeanCreationException: Error creating bean with name 'infoController': Injection of autowired dependencies failed; nested exception is org.springframework.beans.factory.BeanCreationException: Could not autowire field: private com.servustech.carehome.info.InfoService com.servustech.carehome.info.InfoController.infoService; nested exception is org.springframework.beans.factory.UnsatisfiedDependencyException: Error creating bean with name 'infoService' defined in file [/home/ioana/Desktop/carehome_services-master/sources/target/classes/com/servustech/carehome/info/InfoService.class]: Unsatisfied dependency expressed through constructor argument with index 0 of type [com.servustech.carehome.info.InfoRepository]: Error creating bean with name 'infoRepository': Invocation of init method failed; nested exception is org.springframework.data.mapping.PropertyReferenceException: No property existsByName found for type Info!; nested exception is org.springframework.beans.factory.BeanCreationException: Error creating bean with name 'infoRepository': Invocation of init method failed; nested exception is org.springframework.data.mapping.PropertyReferenceException: No property existsByName found for type Info!
01:02:35.596 default [localhost-startStop-1] WARN  o.a.c.loader.WebappClassLoaderBase - The web application [carehome] appears to have started a thread named [cluster-ClusterId{value='6711897ad834c8e8693d43b3', description='null'}-localhost:27017] but has failed to stop it. This is very likely to create a memory leak. Stack trace of thread:
 sun.misc.Unsafe.park(Native Method)
 java.util.concurrent.locks.LockSupport.parkNanos(LockSupport.java:215)
 java.util.concurrent.locks.AbstractQueuedSynchronizer$ConditionObject.awaitNanos(AbstractQueuedSynchronizer.java:2078)
 com.mongodb.connection.DefaultServerMonitor$ServerMonitorRunnable.waitForSignalOrTimeout(DefaultServerMonitor.java:238)
 com.mongodb.connection.DefaultServerMonitor$ServerMonitorRunnable.waitForNext(DefaultServerMonitor.java:219)
 com.mongodb.connection.DefaultServerMonitor$ServerMonitorRunnable.run(DefaultServerMonitor.java:168)
 java.lang.Thread.run(Thread.java:750)
01:02:35.596 default [localhost-startStop-1] WARN  o.a.c.loader.WebappClassLoaderBase - The web application [carehome] appears to have started a thread named [pool-2-thread-1] but has failed to stop it. This is very likely to create a memory leak. Stack trace of thread:
 sun.misc.Unsafe.park(Native Method)
 java.util.concurrent.locks.LockSupport.parkNanos(LockSupport.java:215)
 java.util.concurrent.locks.AbstractQueuedSynchronizer$ConditionObject.awaitNanos(AbstractQueuedSynchronizer.java:2078)
 java.util.concurrent.ScheduledThreadPoolExecutor$DelayedWorkQueue.take(ScheduledThreadPoolExecutor.java:1093)
 java.util.concurrent.ScheduledThreadPoolExecutor$DelayedWorkQueue.take(ScheduledThreadPoolExecutor.java:809)
 java.util.concurrent.ThreadPoolExecutor.getTask(ThreadPoolExecutor.java:1074)
 java.util.concurrent.ThreadPoolExecutor.runWorker(ThreadPoolExecutor.java:1134)
 java.util.concurrent.ThreadPoolExecutor$Worker.run(ThreadPoolExecutor.java:624)
 java.lang.Thread.run(Thread.java:750)
01:02:35.601 default [main] ERROR o.s.boot.SpringApplication - Application startup failed
org.springframework.beans.factory.BeanCreationException: Error creating bean with name 'infoController': Injection of autowired dependencies failed; nested exception is org.springframework.beans.factory.BeanCreationException: Could not autowire field: private com.servustech.carehome.info.InfoService com.servustech.carehome.info.InfoController.infoService; nested exception is org.springframework.beans.factory.UnsatisfiedDependencyException: Error creating bean with name 'infoService' defined in file [/home/ioana/Desktop/carehome_services-master/sources/target/classes/com/servustech/carehome/info/InfoService.class]: Unsatisfied dependency expressed through constructor argument with index 0 of type [com.servustech.carehome.info.InfoRepository]: Error creating bean with name 'infoRepository': Invocation of init method failed; nested exception is org.springframework.data.mapping.PropertyReferenceException: No property existsByName found for type Info!; nested exception is org.springframework.beans.factory.BeanCreationException: Error creating bean with name 'infoRepository': Invocation of init method failed; nested exception is org.springframework.data.mapping.PropertyReferenceException: No property existsByName found for type Info!
	at org.springframework.beans.factory.annotation.AutowiredAnnotationBeanPostProcessor.postProcessPropertyValues(AutowiredAnnotationBeanPostProcessor.java:334)
	at org.springframework.beans.factory.support.AbstractAutowireCapableBeanFactory.populateBean(AbstractAutowireCapableBeanFactory.java:1214)
	at org.springframework.beans.factory.support.AbstractAutowireCapableBeanFactory.doCreateBean(AbstractAutowireCapableBeanFactory.java:543)
	at org.springframework.beans.factory.support.AbstractAutowireCapableBeanFactory.createBean(AbstractAutowireCapableBeanFactory.java:482)
	at org.springframework.beans.factory.support.AbstractBeanFactory$1.getObject(AbstractBeanFactory.java:306)
	at org.springframework.beans.factory.support.DefaultSingletonBeanRegistry.getSingleton(DefaultSingletonBeanRegistry.java:230)
	at org.springframework.beans.factory.support.AbstractBeanFactory.doGetBean(AbstractBeanFactory.java:302)
	at org.springframework.beans.factory.support.AbstractBeanFactory.getBean(AbstractBeanFactory.java:197)
	at org.springframework.beans.factory.support.DefaultListableBeanFactory.preInstantiateSingletons(DefaultListableBeanFactory.java:772)
	at org.springframework.context.support.AbstractApplicationContext.finishBeanFactoryInitialization(AbstractApplicationContext.java:839)
	at org.springframework.context.support.AbstractApplicationContext.refresh(AbstractApplicationContext.java:538)
	at org.springframework.boot.context.embedded.EmbeddedWebApplicationContext.refresh(EmbeddedWebApplicationContext.java:118)
	at org.springframework.boot.SpringApplication.refresh(SpringApplication.java:766)
	at org.springframework.boot.SpringApplication.createAndRefreshContext(SpringApplication.java:361)
	at org.springframework.boot.SpringApplication.run(SpringApplication.java:307)
	at org.springframework.boot.SpringApplication.run(SpringApplication.java:1191)
	at org.springframework.boot.SpringApplication.run(SpringApplication.java:1180)
	at com.servustech.carehome.CareHomeWarApplication.main(CareHomeWarApplication.java:33)
Caused by: org.springframework.beans.factory.BeanCreationException: Could not autowire field: private com.servustech.carehome.info.InfoService com.servustech.carehome.info.InfoController.infoService; nested exception is org.springframework.beans.factory.UnsatisfiedDependencyException: Error creating bean with name 'infoService' defined in file [/home/ioana/Desktop/carehome_services-master/sources/target/classes/com/servustech/carehome/info/InfoService.class]: Unsatisfied dependency expressed through constructor argument with index 0 of type [com.servustech.carehome.info.InfoRepository]: Error creating bean with name 'infoRepository': Invocation of init method failed; nested exception is org.springframework.data.mapping.PropertyReferenceException: No property existsByName found for type Info!; nested exception is org.springframework.beans.factory.BeanCreationException: Error creating bean with name 'infoRepository': Invocation of init method failed; nested exception is org.springframework.data.mapping.PropertyReferenceException: No property existsByName found for type Info!
	at org.springframework.beans.factory.annotation.AutowiredAnnotationBeanPostProcessor$AutowiredFieldElement.inject(AutowiredAnnotationBeanPostProcessor.java:573)
	at org.springframework.beans.factory.annotation.InjectionMetadata.inject(InjectionMetadata.java:88)
	at org.springframework.beans.factory.annotation.AutowiredAnnotationBeanPostProcessor.postProcessPropertyValues(AutowiredAnnotationBeanPostProcessor.java:331)
	... 17 common frames omitted
Caused by: org.springframework.beans.factory.UnsatisfiedDependencyException: Error creating bean with name 'infoService' defined in file [/home/ioana/Desktop/carehome_services-master/sources/target/classes/com/servustech/carehome/info/InfoService.class]: Unsatisfied dependency expressed through constructor argument with index 0 of type [com.servustech.carehome.info.InfoRepository]: Error creating bean with name 'infoRepository': Invocation of init method failed; nested exception is org.springframework.data.mapping.PropertyReferenceException: No property existsByName found for type Info!; nested exception is org.springframework.beans.factory.BeanCreationException: Error creating bean with name 'infoRepository': Invocation of init method failed; nested exception is org.springframework.data.mapping.PropertyReferenceException: No property existsByName found for type Info!
	at org.springframework.beans.factory.support.ConstructorResolver.createArgumentArray(ConstructorResolver.java:749)
	at org.springframework.beans.factory.support.ConstructorResolver.autowireConstructor(ConstructorResolver.java:185)
	at org.springframework.beans.factory.support.AbstractAutowireCapableBeanFactory.autowireConstructor(AbstractAutowireCapableBeanFactory.java:1143)
	at org.springframework.beans.factory.support.AbstractAutowireCapableBeanFactory.createBeanInstance(AbstractAutowireCapableBeanFactory.java:1046)
	at org.springframework.beans.factory.support.AbstractAutowireCapableBeanFactory.doCreateBean(AbstractAutowireCapableBeanFactory.java:510)
	at org.springframework.beans.factory.support.AbstractAutowireCapableBeanFactory.createBean(AbstractAutowireCapableBeanFactory.java:482)
	at org.springframework.beans.factory.support.AbstractBeanFactory$1.getObject(AbstractBeanFactory.java:306)
	at org.springframework.beans.factory.support.DefaultSingletonBeanRegistry.getSingleton(DefaultSingletonBeanRegistry.java:230)
	at org.springframework.beans.factory.support.AbstractBeanFactory.doGetBean(AbstractBeanFactory.java:302)
	at org.springframework.beans.factory.support.AbstractBeanFactory.getBean(AbstractBeanFactory.java:197)
	at org.springframework.beans.factory.support.DefaultListableBeanFactory.findAutowireCandidates(DefaultListableBeanFactory.java:1192)
	at org.springframework.beans.factory.support.DefaultListableBeanFactory.doResolveDependency(DefaultListableBeanFactory.java:1116)
	at org.springframework.beans.factory.support.DefaultListableBeanFactory.resolveDependency(DefaultListableBeanFactory.java:1014)
	at org.springframework.beans.factory.annotation.AutowiredAnnotationBeanPostProcessor$AutowiredFieldElement.inject(AutowiredAnnotationBeanPostProcessor.java:545)
	... 19 common frames omitted
Caused by: org.springframework.beans.factory.BeanCreationException: Error creating bean with name 'infoRepository': Invocation of init method failed; nested exception is org.springframework.data.mapping.PropertyReferenceException: No property existsByName found for type Info!
	at org.springframework.beans.factory.support.AbstractAutowireCapableBeanFactory.initializeBean(AbstractAutowireCapableBeanFactory.java:1578)
	at org.springframework.beans.factory.support.AbstractAutowireCapableBeanFactory.doCreateBean(AbstractAutowireCapableBeanFactory.java:545)
	at org.springframework.beans.factory.support.AbstractAutowireCapableBeanFactory.createBean(AbstractAutowireCapableBeanFactory.java:482)
	at org.springframework.beans.factory.support.AbstractBeanFactory$1.getObject(AbstractBeanFactory.java:306)
	at org.springframework.beans.factory.support.DefaultSingletonBeanRegistry.getSingleton(DefaultSingletonBeanRegistry.java:230)
	at org.springframework.beans.factory.support.AbstractBeanFactory.doGetBean(AbstractBeanFactory.java:302)
	at org.springframework.beans.factory.support.AbstractBeanFactory.getBean(AbstractBeanFactory.java:197)
	at org.springframework.beans.factory.support.DefaultListableBeanFactory.findAutowireCandidates(DefaultListableBeanFactory.java:1192)
	at org.springframework.beans.factory.support.DefaultListableBeanFactory.doResolveDependency(DefaultListableBeanFactory.java:1116)
	at org.springframework.beans.factory.support.DefaultListableBeanFactory.resolveDependency(DefaultListableBeanFactory.java:1014)
	at org.springframework.beans.factory.support.ConstructorResolver.resolveAutowiredArgument(ConstructorResolver.java:813)
	at org.springframework.beans.factory.support.ConstructorResolver.createArgumentArray(ConstructorResolver.java:741)
	... 32 common frames omitted
Caused by: org.springframework.data.mapping.PropertyReferenceException: No property existsByName found for type Info!
	at org.springframework.data.mapping.PropertyPath.<init>(PropertyPath.java:77)
	at org.springframework.data.mapping.PropertyPath.create(PropertyPath.java:329)
	at org.springframework.data.mapping.PropertyPath.create(PropertyPath.java:309)
	at org.springframework.data.mapping.PropertyPath.from(PropertyPath.java:272)
	at org.springframework.data.mapping.PropertyPath.from(PropertyPath.java:243)
	at org.springframework.data.repository.query.parser.Part.<init>(Part.java:76)
	at org.springframework.data.repository.query.parser.PartTree$OrPart.<init>(PartTree.java:235)
	at org.springframework.data.repository.query.parser.PartTree$Predicate.buildTree(PartTree.java:373)
	at org.springframework.data.repository.query.parser.PartTree$Predicate.<init>(PartTree.java:353)
	at org.springframework.data.repository.query.parser.PartTree.<init>(PartTree.java:84)
	at org.springframework.data.mongodb.repository.query.PartTreeMongoQuery.<init>(PartTreeMongoQuery.java:54)
	at org.springframework.data.mongodb.repository.support.MongoRepositoryFactory$MongoQueryLookupStrategy.resolveQuery(MongoRepositoryFactory.java:159)
	at org.springframework.data.repository.core.support.RepositoryFactorySupport$QueryExecutorMethodInterceptor.<init>(RepositoryFactorySupport.java:416)
	at org.springframework.data.repository.core.support.RepositoryFactorySupport.getRepository(RepositoryFactorySupport.java:206)
	at org.springframework.data.repository.core.support.RepositoryFactoryBeanSupport.initAndReturn(RepositoryFactoryBeanSupport.java:251)
	at org.springframework.data.repository.core.support.RepositoryFactoryBeanSupport.afterPropertiesSet(RepositoryFactoryBeanSupport.java:237)
	at org.springframework.data.mongodb.repository.support.MongoRepositoryFactoryBean.afterPropertiesSet(MongoRepositoryFactoryBean.java:108)
	at org.springframework.beans.factory.support.AbstractAutowireCapableBeanFactory.invokeInitMethods(AbstractAutowireCapableBeanFactory.java:1637)
	at org.springframework.beans.factory.support.AbstractAutowireCapableBeanFactory.initializeBean(AbstractAutowireCapableBeanFactory.java:1574)
	... 43 common frames omitted
01:02:35.603 default [main] INFO  o.s.b.l.ClasspathLoggingApplicationListener - Application failed to start with classpath: [file:/home/ioana/.jdks/corretto-1.8.0_382/jre/lib/charsets.jar, file:/home/ioana/.jdks/corretto-1.8.0_382/jre/lib/ext/cldrdata.jar, file:/home/ioana/.jdks/corretto-1.8.0_382/jre/lib/ext/dnsns.jar, file:/home/ioana/.jdks/corretto-1.8.0_382/jre/lib/ext/jaccess.jar, file:/home/ioana/.jdks/corretto-1.8.0_382/jre/lib/ext/jfxrt.jar, file:/home/ioana/.jdks/corretto-1.8.0_382/jre/lib/ext/localedata.jar, file:/home/ioana/.jdks/corretto-1.8.0_382/jre/lib/ext/nashorn.jar, file:/home/ioana/.jdks/corretto-1.8.0_382/jre/lib/ext/sunec.jar, file:/home/ioana/.jdks/corretto-1.8.0_382/jre/lib/ext/sunjce_provider.jar, file:/home/ioana/.jdks/corretto-1.8.0_382/jre/lib/ext/sunpkcs11.jar, file:/home/ioana/.jdks/corretto-1.8.0_382/jre/lib/ext/zipfs.jar, file:/home/ioana/.jdks/corretto-1.8.0_382/jre/lib/jce.jar, file:/home/ioana/.jdks/corretto-1.8.0_382/jre/lib/jfr.jar, file:/home/ioana/.jdks/corretto-1.8.0_382/jre/lib/jfxswt.jar, file:/home/ioana/.jdks/corretto-1.8.0_382/jre/lib/jsse.jar, file:/home/ioana/.jdks/corretto-1.8.0_382/jre/lib/management-agent.jar, file:/home/ioana/.jdks/corretto-1.8.0_382/jre/lib/resources.jar, file:/home/ioana/.jdks/corretto-1.8.0_382/jre/lib/rt.jar, file:/home/ioana/Desktop/carehome_services-master/sources/target/classes/, file:/home/ioana/.m2/repository/org/springframework/boot/spring-boot-starter-web/1.3.3.RELEASE/spring-boot-starter-web-1.3.3.RELEASE.jar, file:/home/ioana/.m2/repository/org/springframework/boot/spring-boot-starter/1.3.3.RELEASE/spring-boot-starter-1.3.3.RELEASE.jar, file:/home/ioana/.m2/repository/org/springframework/boot/spring-boot/1.3.3.RELEASE/spring-boot-1.3.3.RELEASE.jar, file:/home/ioana/.m2/repository/org/springframework/boot/spring-boot-autoconfigure/1.3.3.RELEASE/spring-boot-autoconfigure-1.3.3.RELEASE.jar, file:/home/ioana/.m2/repository/org/yaml/snakeyaml/1.16/snakeyaml-1.16.jar, file:/home/ioana/.m2/repository/org/springframework/boot/spring-boot-starter-validation/1.3.3.RELEASE/spring-boot-starter-validation-1.3.3.RELEASE.jar, file:/home/ioana/.m2/repository/org/hibernate/hibernate-validator/5.2.4.Final/hibernate-validator-5.2.4.Final.jar, file:/home/ioana/.m2/repository/javax/validation/validation-api/1.1.0.Final/validation-api-1.1.0.Final.jar, file:/home/ioana/.m2/repository/org/jboss/logging/jboss-logging/3.3.0.Final/jboss-logging-3.3.0.Final.jar, file:/home/ioana/.m2/repository/com/fasterxml/jackson/core/jackson-databind/2.6.5/jackson-databind-2.6.5.jar, file:/home/ioana/.m2/repository/com/fasterxml/jackson/core/jackson-core/2.6.5/jackson-core-2.6.5.jar, file:/home/ioana/.m2/repository/org/springframework/spring-web/4.2.5.RELEASE/spring-web-4.2.5.RELEASE.jar, file:/home/ioana/.m2/repository/org/springframework/spring-webmvc/4.2.5.RELEASE/spring-webmvc-4.2.5.RELEASE.jar, file:/home/ioana/.m2/repository/org/springframework/spring-expression/4.2.5.RELEASE/spring-expression-4.2.5.RELEASE.jar, file:/home/ioana/.m2/repository/org/springframework/boot/spring-boot-starter-data-elasticsearch/1.3.3.RELEASE/spring-boot-starter-data-elasticsearch-1.3.3.RELEASE.jar, file:/home/ioana/.m2/repository/org/springframework/data/spring-data-elasticsearch/1.3.4.RELEASE/spring-data-elasticsearch-1.3.4.RELEASE.jar, file:/home/ioana/.m2/repository/org/springframework/spring-tx/4.2.5.RELEASE/spring-tx-4.2.5.RELEASE.jar, file:/home/ioana/.m2/repository/org/springframework/data/spring-data-commons/1.11.4.RELEASE/spring-data-commons-1.11.4.RELEASE.jar, file:/home/ioana/.m2/repository/commons-lang/commons-lang/2.6/commons-lang-2.6.jar, file:/home/ioana/.m2/repository/commons-collections/commons-collections/3.2.2/commons-collections-3.2.2.jar, file:/home/ioana/.m2/repository/org/elasticsearch/client/elasticsearch-rest-high-level-client/7.10.2/elasticsearch-rest-high-level-client-7.10.2.jar, file:/home/ioana/.m2/repository/org/elasticsearch/elasticsearch/1.5.2/elasticsearch-1.5.2.jar, file:/home/ioana/.m2/repository/org/apache/lucene/lucene-core/4.10.4/lucene-core-4.10.4.jar, file:/home/ioana/.m2/repository/org/apache/lucene/lucene-analyzers-common/4.10.4/lucene-analyzers-common-4.10.4.jar, file:/home/ioana/.m2/repository/org/apache/lucene/lucene-queries/4.10.4/lucene-queries-4.10.4.jar, file:/home/ioana/.m2/repository/org/apache/lucene/lucene-memory/4.10.4/lucene-memory-4.10.4.jar, file:/home/ioana/.m2/repository/org/apache/lucene/lucene-highlighter/4.10.4/lucene-highlighter-4.10.4.jar, file:/home/ioana/.m2/repository/org/apache/lucene/lucene-queryparser/4.10.4/lucene-queryparser-4.10.4.jar, file:/home/ioana/.m2/repository/org/apache/lucene/lucene-sandbox/4.10.4/lucene-sandbox-4.10.4.jar, file:/home/ioana/.m2/repository/org/apache/lucene/lucene-suggest/4.10.4/lucene-suggest-4.10.4.jar, file:/home/ioana/.m2/repository/org/apache/lucene/lucene-misc/4.10.4/lucene-misc-4.10.4.jar, file:/home/ioana/.m2/repository/org/apache/lucene/lucene-join/4.10.4/lucene-join-4.10.4.jar, file:/home/ioana/.m2/repository/org/apache/lucene/lucene-grouping/4.10.4/lucene-grouping-4.10.4.jar, file:/home/ioana/.m2/repository/org/apache/lucene/lucene-spatial/4.10.4/lucene-spatial-4.10.4.jar, file:/home/ioana/.m2/repository/com/spatial4j/spatial4j/0.4.1/spatial4j-0.4.1.jar, file:/home/ioana/.m2/repository/org/antlr/antlr-runtime/3.5/antlr-runtime-3.5.jar, file:/home/ioana/.m2/repository/org/ow2/asm/asm/4.1/asm-4.1.jar, file:/home/ioana/.m2/repository/org/ow2/asm/asm-commons/4.1/asm-commons-4.1.jar, file:/home/ioana/.m2/repository/org/elasticsearch/client/elasticsearch-rest-client/7.10.2/elasticsearch-rest-client-7.10.2.jar, file:/home/ioana/.m2/repository/org/apache/httpcomponents/httpclient/4.5.1/httpclient-4.5.1.jar, file:/home/ioana/.m2/repository/org/apache/httpcomponents/httpcore/4.4.4/httpcore-4.4.4.jar, file:/home/ioana/.m2/repository/org/apache/httpcomponents/httpasyncclient/4.1.1/httpasyncclient-4.1.1.jar, file:/home/ioana/.m2/repository/org/apache/httpcomponents/httpcore-nio/4.4.12/httpcore-nio-4.4.12.jar, file:/home/ioana/.m2/repository/commons-codec/commons-codec/1.11/commons-codec-1.11.jar, file:/home/ioana/.m2/repository/commons-logging/commons-logging/1.1.3/commons-logging-1.1.3.jar, file:/home/ioana/.m2/repository/org/elasticsearch/plugin/mapper-extras-client/7.10.2/mapper-extras-client-7.10.2.jar, file:/home/ioana/.m2/repository/org/elasticsearch/plugin/parent-join-client/7.10.2/parent-join-client-7.10.2.jar, file:/home/ioana/.m2/repository/org/elasticsearch/plugin/aggs-matrix-stats-client/7.10.2/aggs-matrix-stats-client-7.10.2.jar, file:/home/ioana/.m2/repository/org/elasticsearch/plugin/rank-eval-client/7.10.2/rank-eval-client-7.10.2.jar, file:/home/ioana/.m2/repository/org/elasticsearch/plugin/lang-mustache-client/7.10.2/lang-mustache-client-7.10.2.jar, file:/home/ioana/.m2/repository/com/github/spullara/mustache/java/compiler/0.9.6/compiler-0.9.6.jar, file:/home/ioana/.m2/repository/org/springframework/boot/spring-boot-starter-tomcat/1.3.3.RELEASE/spring-boot-starter-tomcat-1.3.3.RELEASE.jar, file:/home/ioana/.m2/repository/org/apache/tomcat/embed/tomcat-embed-core/8.0.32/tomcat-embed-core-8.0.32.jar, file:/home/ioana/.m2/repository/org/apache/tomcat/embed/tomcat-embed-el/8.0.32/tomcat-embed-el-8.0.32.jar, file:/home/ioana/.m2/repository/org/apache/tomcat/embed/tomcat-embed-logging-juli/8.0.32/tomcat-embed-logging-juli-8.0.32.jar, file:/home/ioana/.m2/repository/org/apache/tomcat/embed/tomcat-embed-websocket/8.0.32/tomcat-embed-websocket-8.0.32.jar, file:/home/ioana/.m2/repository/org/springframework/boot/spring-boot-starter-actuator/1.3.3.RELEASE/spring-boot-starter-actuator-1.3.3.RELEASE.jar, file:/home/ioana/.m2/repository/org/springframework/boot/spring-boot-actuator/1.3.3.RELEASE/spring-boot-actuator-1.3.3.RELEASE.jar, file:/home/ioana/.m2/repository/org/springframework/boot/spring-boot-starter-data-mongodb/1.3.3.RELEASE/spring-boot-starter-data-mongodb-1.3.3.RELEASE.jar, file:/home/ioana/.m2/repository/org/springframework/data/spring-data-mongodb/1.8.4.RELEASE/spring-data-mongodb-1.8.4.RELEASE.jar, file:/home/ioana/.m2/repository/org/springframework/boot/spring-boot-starter-hateoas/1.3.3.RELEASE/spring-boot-starter-hateoas-1.3.3.RELEASE.jar, file:/home/ioana/.m2/repository/org/springframework/hateoas/spring-hateoas/0.19.0.RELEASE/spring-hateoas-0.19.0.RELEASE.jar, file:/home/ioana/.m2/repository/org/springframework/plugin/spring-plugin-core/1.2.0.RELEASE/spring-plugin-core-1.2.0.RELEASE.jar, file:/home/ioana/.m2/repository/org/springframework/boot/spring-boot-starter-logging/1.3.3.RELEASE/spring-boot-starter-logging-1.3.3.RELEASE.jar, file:/home/ioana/.m2/repository/ch/qos/logback/logback-classic/1.1.5/logback-classic-1.1.5.jar, file:/home/ioana/.m2/repository/ch/qos/logback/logback-core/1.1.5/logback-core-1.1.5.jar, file:/home/ioana/.m2/repository/org/slf4j/jcl-over-slf4j/1.7.16/jcl-over-slf4j-1.7.16.jar, file:/home/ioana/.m2/repository/org/slf4j/jul-to-slf4j/1.7.16/jul-to-slf4j-1.7.16.jar, file:/home/ioana/.m2/repository/org/slf4j/log4j-over-slf4j/1.7.16/log4j-over-slf4j-1.7.16.jar, file:/home/ioana/.m2/repository/org/springframework/boot/spring-boot-starter-security/1.3.3.RELEASE/spring-boot-starter-security-1.3.3.RELEASE.jar, file:/home/ioana/.m2/repository/org/springframework/spring-aop/4.2.5.RELEASE/spring-aop-4.2.5.RELEASE.jar, file:/home/ioana/.m2/repository/aopalliance/aopalliance/1.0/aopalliance-1.0.jar, file:/home/ioana/.m2/repository/org/springframework/security/spring-security-config/4.0.3.RELEASE/spring-security-config-4.0.3.RELEASE.jar, file:/home/ioana/.m2/repository/org/springframework/security/spring-security-core/4.0.3.RELEASE/spring-security-core-4.0.3.RELEASE.jar, file:/home/ioana/.m2/repository/org/springframework/security/spring-security-web/4.0.3.RELEASE/spring-security-web-4.0.3.RELEASE.jar, file:/home/ioana/.m2/repository/io/jsonwebtoken/jjwt/0.2/jjwt-0.2.jar, file:/home/ioana/.m2/repository/org/slf4j/slf4j-api/1.7.16/slf4j-api-1.7.16.jar, file:/home/ioana/.m2/repository/io/springfox/springfox-swagger2/2.2.2/springfox-swagger2-2.2.2.jar, file:/home/ioana/.m2/repository/org/mapstruct/mapstruct/1.0.0.CR1/mapstruct-1.0.0.CR1.jar, file:/home/ioana/.m2/repository/io/swagger/swagger-annotations/1.5.3/swagger-annotations-1.5.3.jar, file:/home/ioana/.m2/repository/io/swagger/swagger-models/1.5.3/swagger-models-1.5.3.jar, file:/home/ioana/.m2/repository/io/springfox/springfox-spi/2.2.2/springfox-spi-2.2.2.jar, file:/home/ioana/.m2/repository/io/springfox/springfox-core/2.2.2/springfox-core-2.2.2.jar, file:/home/ioana/.m2/repository/io/springfox/springfox-schema/2.2.2/springfox-schema-2.2.2.jar, file:/home/ioana/.m2/repository/io/springfox/springfox-swagger-common/2.2.2/springfox-swagger-common-2.2.2.jar, file:/home/ioana/.m2/repository/io/springfox/springfox-spring-web/2.2.2/springfox-spring-web-2.2.2.jar, file:/home/ioana/.m2/repository/com/google/guava/guava/18.0/guava-18.0.jar, file:/home/ioana/.m2/repository/com/fasterxml/classmate/1.2.0/classmate-1.2.0.jar, file:/home/ioana/.m2/repository/org/aspectj/aspectjrt/1.8.8/aspectjrt-1.8.8.jar, file:/home/ioana/.m2/repository/org/aspectj/aspectjweaver/1.8.8/aspectjweaver-1.8.8.jar, file:/home/ioana/.m2/repository/org/springframework/plugin/spring-plugin-metadata/1.2.0.RELEASE/spring-plugin-metadata-1.2.0.RELEASE.jar, file:/home/ioana/.m2/repository/io/springfox/springfox-swagger-ui/2.2.2/springfox-swagger-ui-2.2.2.jar, file:/home/ioana/.m2/repository/org/springframework/boot/spring-boot-starter-remote-shell/1.3.3.RELEASE/spring-boot-starter-remote-shell-1.3.3.RELEASE.jar, file:/home/ioana/.m2/repository/org/crashub/crash.cli/1.3.2/crash.cli-1.3.2.jar, file:/home/ioana/.m2/repository/org/crashub/crash.connectors.ssh/1.3.2/crash.connectors.ssh-1.3.2.jar, file:/home/ioana/.m2/repository/org/apache/sshd/sshd-core/0.11.0/sshd-core-0.11.0.jar, file:/home/ioana/.m2/repository/org/apache/sshd/sshd-pam/0.11.0/sshd-pam-0.11.0.jar, file:/home/ioana/.m2/repository/net/sf/jpam/jpam/1.1/jpam-1.1.jar, file:/home/ioana/.m2/repository/org/bouncycastle/bcprov-jdk15on/1.51/bcprov-jdk15on-1.51.jar, file:/home/ioana/.m2/repository/org/bouncycastle/bcpkix-jdk15on/1.51/bcpkix-jdk15on-1.51.jar, file:/home/ioana/.m2/repository/org/apache/mina/mina-core/2.0.7/mina-core-2.0.7.jar, file:/home/ioana/.m2/repository/org/crashub/crash.embed.spring/1.3.2/crash.embed.spring-1.3.2.jar, file:/home/ioana/.m2/repository/org/crashub/crash.plugins.cron/1.3.2/crash.plugins.cron-1.3.2.jar, file:/home/ioana/.m2/repository/it/sauronsoftware/cron4j/cron4j/2.2.5/cron4j-2.2.5.jar, file:/home/ioana/.m2/repository/org/crashub/crash.plugins.mail/1.3.2/crash.plugins.mail-1.3.2.jar, file:/home/ioana/.m2/repository/org/crashub/crash.shell/1.3.2/crash.shell-1.3.2.jar, file:/home/ioana/.m2/repository/org/codehaus/groovy/groovy/2.4.6/groovy-2.4.6.jar, file:/home/ioana/.m2/repository/org/springframework/boot/spring-boot-starter-test/1.3.3.RELEASE/spring-boot-starter-test-1.3.3.RELEASE.jar, file:/home/ioana/.m2/repository/junit/junit/4.12/junit-4.12.jar, file:/home/ioana/.m2/repository/org/mockito/mockito-core/1.10.19/mockito-core-1.10.19.jar, file:/home/ioana/.m2/repository/org/objenesis/objenesis/2.1/objenesis-2.1.jar, file:/home/ioana/.m2/repository/org/hamcrest/hamcrest-core/1.3/hamcrest-core-1.3.jar, file:/home/ioana/.m2/repository/org/hamcrest/hamcrest-library/1.3/hamcrest-library-1.3.jar, file:/home/ioana/.m2/repository/org/springframework/spring-core/4.2.5.RELEASE/spring-core-4.2.5.RELEASE.jar, file:/home/ioana/.m2/repository/org/springframework/spring-test/4.2.5.RELEASE/spring-test-4.2.5.RELEASE.jar, file:/home/ioana/.m2/repository/org/springframework/spring-context-support/4.2.5.RELEASE/spring-context-support-4.2.5.RELEASE.jar, file:/home/ioana/.m2/repository/org/springframework/spring-beans/4.2.5.RELEASE/spring-beans-4.2.5.RELEASE.jar, file:/home/ioana/.m2/repository/org/springframework/spring-context/4.2.5.RELEASE/spring-context-4.2.5.RELEASE.jar, file:/home/ioana/.m2/repository/org/apache/commons/commons-lang3/3.4/commons-lang3-3.4.jar, file:/home/ioana/.m2/repository/com/servustech/mongo-utils/mongo-utils/0.0.2-SNAPSHOT/mongo-utils-0.0.2-SNAPSHOT.jar, file:/home/ioana/.m2/repository/com/fasterxml/jackson/core/jackson-annotations/2.6.5/jackson-annotations-2.6.5.jar, file:/home/ioana/.m2/repository/org/mongodb/mongo-java-driver/3.2.2/mongo-java-driver-3.2.2.jar, file:/home/ioana/.m2/repository/com/github/grozandrei/exposable-annotation/0.0.2/exposable-annotation-0.0.2.jar, file:/home/ioana/.m2/repository/com/stripe/stripe-java/2.5.0/stripe-java-2.5.0.jar, file:/home/ioana/.m2/repository/com/google/code/gson/gson/2.3.1/gson-2.3.1.jar, file:/home/ioana/.m2/repository/javax/mail/javax.mail-api/1.5.5/javax.mail-api-1.5.5.jar, file:/home/ioana/.m2/repository/com/sun/mail/javax.mail/1.5.5/javax.mail-1.5.5.jar, file:/home/ioana/.m2/repository/javax/activation/activation/1.1/activation-1.1.jar, file:/home/ioana/.m2/repository/org/imgscalr/imgscalr-lib/4.2/imgscalr-lib-4.2.jar, file:/home/ioana/.m2/repository/com/google/maps/google-maps-services/0.1.16/google-maps-services-0.1.16.jar, file:/home/ioana/.m2/repository/com/squareup/okhttp/okhttp/2.7.5/okhttp-2.7.5.jar, file:/home/ioana/.m2/repository/com/squareup/okio/okio/1.6.0/okio-1.6.0.jar, file:/home/ioana/.m2/repository/joda-time/joda-time/2.8.2/joda-time-2.8.2.jar, file:/opt/idea/lib/idea_rt.jar]
01:12:21.844 default [main] INFO  c.s.carehome.CareHomeWarApplication - Starting CareHomeWarApplication on worker01 with PID 196548 (/home/ioana/Desktop/carehome_services-master/sources/target/classes started by ioana in /home/ioana/Desktop/carehome_services-master)
01:12:21.846 default [main] DEBUG c.s.carehome.CareHomeWarApplication - Running with Spring Boot v1.3.3.RELEASE, Spring v4.2.5.RELEASE
01:12:21.847 default [main] INFO  c.s.carehome.CareHomeWarApplication - No active profile set, falling back to default profiles: default
01:12:22.053 default [main] INFO  o.s.b.c.e.AnnotationConfigEmbeddedWebApplicationContext - Refreshing org.springframework.boot.context.embedded.AnnotationConfigEmbeddedWebApplicationContext@7a4ccb53: startup date [Fri Oct 18 01:12:22 EEST 2024]; root of context hierarchy
01:12:22.783 default [main] INFO  o.s.b.f.s.DefaultListableBeanFactory - Overriding bean definition for bean 'beanNameViewResolver' with a different definition: replacing [Root bean: class [null]; scope=; abstract=false; lazyInit=false; autowireMode=3; dependencyCheck=0; autowireCandidate=true; primary=false; factoryBeanName=org.springframework.boot.autoconfigure.web.ErrorMvcAutoConfiguration$WhitelabelErrorViewConfiguration; factoryMethodName=beanNameViewResolver; initMethodName=null; destroyMethodName=(inferred); defined in class path resource [org/springframework/boot/autoconfigure/web/ErrorMvcAutoConfiguration$WhitelabelErrorViewConfiguration.class]] with [Root bean: class [null]; scope=; abstract=false; lazyInit=false; autowireMode=3; dependencyCheck=0; autowireCandidate=true; primary=false; factoryBeanName=org.springframework.boot.autoconfigure.web.WebMvcAutoConfiguration$WebMvcAutoConfigurationAdapter; factoryMethodName=beanNameViewResolver; initMethodName=null; destroyMethodName=(inferred); defined in class path resource [org/springframework/boot/autoconfigure/web/WebMvcAutoConfiguration$WebMvcAutoConfigurationAdapter.class]]
01:12:22.842 default [main] INFO  o.s.b.f.s.DefaultListableBeanFactory - Overriding bean definition for bean 'managementServletContext' with a different definition: replacing [Root bean: class [null]; scope=; abstract=false; lazyInit=false; autowireMode=3; dependencyCheck=0; autowireCandidate=true; primary=false; factoryBeanName=org.springframework.boot.actuate.autoconfigure.EndpointWebMvcHypermediaManagementContextConfiguration; factoryMethodName=managementServletContext; initMethodName=null; destroyMethodName=(inferred); defined in class path resource [org/springframework/boot/actuate/autoconfigure/EndpointWebMvcHypermediaManagementContextConfiguration.class]] with [Root bean: class [null]; scope=; abstract=false; lazyInit=false; autowireMode=3; dependencyCheck=0; autowireCandidate=true; primary=false; factoryBeanName=org.springframework.boot.actuate.autoconfigure.EndpointWebMvcAutoConfiguration; factoryMethodName=managementServletContext; initMethodName=null; destroyMethodName=(inferred); defined in class path resource [org/springframework/boot/actuate/autoconfigure/EndpointWebMvcAutoConfiguration.class]]
01:12:22.937 default [main] INFO  o.s.b.f.s.DefaultListableBeanFactory - Overriding bean definition for bean 'addressRepository' with a different definition: replacing [Root bean: class [org.springframework.data.elasticsearch.repository.support.ElasticsearchRepositoryFactoryBean]; scope=; abstract=false; lazyInit=false; autowireMode=0; dependencyCheck=0; autowireCandidate=true; primary=false; factoryBeanName=null; factoryMethodName=null; initMethodName=null; destroyMethodName=null] with [Root bean: class [org.springframework.data.mongodb.repository.support.MongoRepositoryFactoryBean]; scope=; abstract=false; lazyInit=false; autowireMode=0; dependencyCheck=0; autowireCandidate=true; primary=false; factoryBeanName=null; factoryMethodName=null; initMethodName=null; destroyMethodName=null]
01:12:23.167 default [main] INFO  o.s.c.s.PostProcessorRegistrationDelegate$BeanPostProcessorChecker - Bean 'org.springframework.security.config.annotation.configuration.ObjectPostProcessorConfiguration' of type [class org.springframework.security.config.annotation.configuration.ObjectPostProcessorConfiguration$$EnhancerBySpringCGLIB$$41c31907] is not eligible for getting processed by all BeanPostProcessors (for example: not eligible for auto-proxying)
01:12:23.230 default [main] INFO  o.s.c.s.PostProcessorRegistrationDelegate$BeanPostProcessorChecker - Bean 'objectPostProcessor' of type [class org.springframework.security.config.annotation.configuration.AutowireBeanFactoryObjectPostProcessor] is not eligible for getting processed by all BeanPostProcessors (for example: not eligible for auto-proxying)
01:12:23.232 default [main] INFO  o.s.c.s.PostProcessorRegistrationDelegate$BeanPostProcessorChecker - Bean 'org.springframework.security.access.expression.method.DefaultMethodSecurityExpressionHandler@611e5819' of type [class org.springframework.security.access.expression.method.DefaultMethodSecurityExpressionHandler] is not eligible for getting processed by all BeanPostProcessors (for example: not eligible for auto-proxying)
01:12:23.238 default [main] INFO  o.s.c.s.PostProcessorRegistrationDelegate$BeanPostProcessorChecker - Bean 'org.springframework.security.config.annotation.method.configuration.GlobalMethodSecurityConfiguration' of type [class org.springframework.security.config.annotation.method.configuration.GlobalMethodSecurityConfiguration$$EnhancerBySpringCGLIB$$f4a14d79] is not eligible for getting processed by all BeanPostProcessors (for example: not eligible for auto-proxying)
01:12:23.244 default [main] INFO  o.s.c.s.PostProcessorRegistrationDelegate$BeanPostProcessorChecker - Bean 'methodSecurityMetadataSource' of type [class org.springframework.security.access.method.DelegatingMethodSecurityMetadataSource] is not eligible for getting processed by all BeanPostProcessors (for example: not eligible for auto-proxying)
01:12:23.442 default [main] INFO  o.s.b.c.e.t.TomcatEmbeddedServletContainer - Tomcat initialized with port(s): 8181 (http)
01:12:23.509 default [localhost-startStop-1] INFO  o.s.web.context.ContextLoader - Root WebApplicationContext: initialization completed in 1456 ms
01:12:24.023 default [localhost-startStop-1] INFO  o.s.b.c.e.FilterRegistrationBean - Mapping filter: 'metricFilter' to: [/*]
01:12:24.023 default [localhost-startStop-1] INFO  o.s.b.c.e.FilterRegistrationBean - Mapping filter: 'characterEncodingFilter' to: [/*]
01:12:24.023 default [localhost-startStop-1] INFO  o.s.b.c.e.FilterRegistrationBean - Mapping filter: 'hiddenHttpMethodFilter' to: [/*]
01:12:24.023 default [localhost-startStop-1] INFO  o.s.b.c.e.FilterRegistrationBean - Mapping filter: 'httpPutFormContentFilter' to: [/*]
01:12:24.024 default [localhost-startStop-1] INFO  o.s.b.c.e.FilterRegistrationBean - Mapping filter: 'requestContextFilter' to: [/*]
01:12:24.024 default [localhost-startStop-1] INFO  o.s.b.c.e.DelegatingFilterProxyRegistrationBean - Mapping filter: 'springSecurityFilterChain' to: [/*]
01:12:24.024 default [localhost-startStop-1] INFO  o.s.b.c.e.FilterRegistrationBean - Mapping filter: 'webRequestLoggingFilter' to: [/*]
01:12:24.025 default [localhost-startStop-1] INFO  o.s.b.c.e.FilterRegistrationBean - Mapping filter: 'jwtAuthenticationFilter' to: [/*]
01:12:24.025 default [localhost-startStop-1] INFO  o.s.b.c.e.FilterRegistrationBean - Mapping filter: 'corsFilter' to: [/*]
01:12:24.025 default [localhost-startStop-1] INFO  o.s.b.c.e.FilterRegistrationBean - Mapping filter: 'applicationContextIdFilter' to: [/*]
01:12:24.025 default [localhost-startStop-1] INFO  o.s.b.c.e.ServletRegistrationBean - Mapping servlet: 'dispatcherServlet' to [/]
01:12:24.041 default [localhost-startStop-1] DEBUG c.s.c.web.JwtAuthenticationFilter - Initializing filter 'jwtAuthenticationFilter'
01:12:24.041 default [localhost-startStop-1] DEBUG c.s.c.web.JwtAuthenticationFilter - Filter 'jwtAuthenticationFilter' configured successfully
01:12:24.118 default [localhost-startStop-1] INFO  o.s.b.a.s.AuthenticationManagerConfiguration - 

Using default security password: dd9d6b8a-eeea-4fcd-a5ec-f812a8ed1e6a

01:12:24.145 default [localhost-startStop-1] INFO  o.s.s.web.DefaultSecurityFilterChain - Creating filter chain: OrRequestMatcher [requestMatchers=[Ant [pattern='/css/**'], Ant [pattern='/js/**'], Ant [pattern='/images/**'], Ant [pattern='/**/favicon.ico'], Ant [pattern='/error']]], []
01:12:24.170 default [localhost-startStop-1] INFO  o.s.s.web.DefaultSecurityFilterChain - Creating filter chain: org.springframework.security.web.util.matcher.AnyRequestMatcher@1, [org.springframework.security.web.context.request.async.WebAsyncManagerIntegrationFilter@11974dd8, org.springframework.security.web.context.SecurityContextPersistenceFilter@532b70a8, org.springframework.security.web.header.HeaderWriterFilter@3a16df49, org.springframework.security.web.authentication.logout.LogoutFilter@710d78c1, org.springframework.web.filter.CorsFilter@576e9b4b, com.servustech.carehome.web.JwtAuthenticationFilter@551fa402, org.springframework.security.web.savedrequest.RequestCacheAwareFilter@69987db4, org.springframework.security.web.servletapi.SecurityContextHolderAwareRequestFilter@4fad2935, org.springframework.security.web.authentication.AnonymousAuthenticationFilter@3d1fb96a, org.springframework.security.web.session.SessionManagementFilter@1bbbff64, org.springframework.security.web.access.ExceptionTranslationFilter@4c02d222, org.springframework.security.web.access.intercept.FilterSecurityInterceptor@2f618853]
01:12:24.178 default [localhost-startStop-1] INFO  o.s.s.web.DefaultSecurityFilterChain - Creating filter chain: Ant [pattern='/actuator/**'], [org.springframework.security.web.context.request.async.WebAsyncManagerIntegrationFilter@75d93a88, org.springframework.security.web.context.SecurityContextPersistenceFilter@4893d26e, org.springframework.security.web.header.HeaderWriterFilter@2ea3d280, org.springframework.security.web.authentication.logout.LogoutFilter@45cdcb86, org.springframework.security.web.authentication.www.BasicAuthenticationFilter@c6a1d96, org.springframework.security.web.savedrequest.RequestCacheAwareFilter@76e1102, org.springframework.security.web.servletapi.SecurityContextHolderAwareRequestFilter@3769f4bd, org.springframework.security.web.authentication.AnonymousAuthenticationFilter@29031f08, org.springframework.security.web.session.SessionManagementFilter@bef2739, org.springframework.security.web.access.ExceptionTranslationFilter@5df24806, org.springframework.security.web.access.intercept.FilterSecurityInterceptor@5e654faf]
01:12:24.736 default [main] INFO  o.s.w.s.m.m.a.RequestMappingHandlerMapping - Mapped "{[/api/v1/admin/ping],methods=[GET]}" onto public void com.servustech.carehome.web.AdminController.ping(javax.servlet.http.HttpServletRequest,javax.servlet.http.HttpServletResponse) throws java.io.IOException
01:12:24.737 default [main] INFO  o.s.w.s.m.m.a.RequestMappingHandlerMapping - Mapped "{[/api/v1/counties/getAll],methods=[GET]}" onto public org.springframework.http.ResponseEntity<java.util.List<com.servustech.carehome.info.CountyDTO>> com.servustech.carehome.info.CountyController.getAllCounties()
01:12:24.740 default [main] INFO  o.s.w.s.m.m.a.RequestMappingHandlerMapping - Mapped "{[/api/v1/info/searchByCity],methods=[GET]}" onto public org.springframework.http.ResponseEntity<java.util.Map<java.lang.String, java.lang.Object>> com.servustech.carehome.info.InfoController.searchByCity(java.lang.String,int,int)
01:12:24.741 default [main] INFO  o.s.w.s.m.m.a.RequestMappingHandlerMapping - Mapped "{[/api/v1/info/searchByCountry],methods=[GET]}" onto public org.springframework.http.ResponseEntity<java.util.Map<java.lang.String, java.lang.Object>> com.servustech.carehome.info.InfoController.searchByCountry(java.lang.String,int,int)
01:12:24.741 default [main] INFO  o.s.w.s.m.m.a.RequestMappingHandlerMapping - Mapped "{[/api/v1/info/searchByPostalCode],methods=[GET]}" onto public org.springframework.http.ResponseEntity<java.util.Map<java.lang.String, java.lang.Object>> com.servustech.carehome.info.InfoController.searchByPostalCode(java.lang.String,int,int)
01:12:24.742 default [main] INFO  o.s.w.s.m.m.a.RequestMappingHandlerMapping - Mapped "{[/api/v1/info/searchByStreet],methods=[GET]}" onto public org.springframework.http.ResponseEntity<java.util.Map<java.lang.String, java.lang.Object>> com.servustech.carehome.info.InfoController.searchByStreet(java.lang.String,int,int)
01:12:24.742 default [main] INFO  o.s.w.s.m.m.a.RequestMappingHandlerMapping - Mapped "{[/api/v1/info/searchByLocation],methods=[GET]}" onto public org.springframework.http.ResponseEntity<java.util.Map<java.lang.String, java.lang.Object>> com.servustech.carehome.info.InfoController.searchByLocation(java.lang.String,int,int)
01:12:24.742 default [main] INFO  o.s.w.s.m.m.a.RequestMappingHandlerMapping - Mapped "{[/api/v1/info/searchByName],methods=[GET]}" onto public org.springframework.http.ResponseEntity<java.util.Map<java.lang.String, java.lang.Object>> com.servustech.carehome.info.InfoController.searchByName(java.lang.String,int,int)
01:12:24.742 default [main] INFO  o.s.w.s.m.m.a.RequestMappingHandlerMapping - Mapped "{[/api/v1/info/all],methods=[GET]}" onto public org.springframework.http.ResponseEntity<java.util.Map<java.lang.String, java.lang.Object>> com.servustech.carehome.info.InfoController.getAllInfo()
01:12:24.743 default [main] INFO  o.s.w.s.m.m.a.RequestMappingHandlerMapping - Mapped "{[/api/v1/info/create],methods=[POST]}" onto public org.springframework.http.ResponseEntity<?> com.servustech.carehome.info.InfoController.createInfo(com.servustech.carehome.info.InfoDTO)
01:12:24.743 default [main] INFO  o.s.w.s.m.m.a.RequestMappingHandlerMapping - Mapped "{[/api/v1/info/update/{id}],methods=[PUT]}" onto public org.springframework.http.ResponseEntity<?> com.servustech.carehome.info.InfoController.updateInfo(java.lang.String,com.servustech.carehome.info.InfoDTO)
01:12:24.743 default [main] INFO  o.s.w.s.m.m.a.RequestMappingHandlerMapping - Mapped "{[/api/v1/info/delete/{id}],methods=[DELETE]}" onto public org.springframework.http.ResponseEntity<?> com.servustech.carehome.info.InfoController.deleteInfo(java.lang.String)
01:12:24.743 default [main] INFO  o.s.w.s.m.m.a.RequestMappingHandlerMapping - Mapped "{[/api/v1/info/get/{id}],methods=[GET]}" onto public org.springframework.http.ResponseEntity<?> com.servustech.carehome.info.InfoController.getInfoById(java.lang.String)
01:12:24.743 default [main] INFO  o.s.w.s.m.m.a.RequestMappingHandlerMapping - Mapped "{[/api/v1/info/searchByLocationAndType],methods=[GET]}" onto public org.springframework.http.ResponseEntity<java.util.Map<java.lang.String, java.lang.Object>> com.servustech.carehome.info.InfoController.searchByLocationAndType(java.lang.String,java.lang.String,int,int)
01:12:24.744 default [main] INFO  o.s.w.s.m.m.a.RequestMappingHandlerMapping - Mapped "{[/api/v1/info/searchByService],methods=[GET]}" onto public org.springframework.http.ResponseEntity<java.util.Map<java.lang.String, java.lang.Object>> com.servustech.carehome.info.InfoController.searchByService(java.lang.String,int,int)
01:12:24.744 default [main] INFO  o.s.w.s.m.m.a.RequestMappingHandlerMapping - Mapped "{[/api/v1/info/compare],methods=[GET]}" onto public org.springframework.http.ResponseEntity<java.util.List<com.servustech.carehome.info.InfoDTO>> com.servustech.carehome.info.InfoController.getAllByIds(java.util.List<java.lang.String>)
01:12:24.745 default [main] INFO  o.s.w.s.m.m.a.RequestMappingHandlerMapping - Mapped "{[/api/v1/poi/search/by/name],methods=[GET],produces=[application/json]}" onto public com.servustech.carehome.web.model.PaginatedCollectionResponse<com.servustech.carehome.poi.PointOfInterestDTO> com.servustech.carehome.poi.POISearchController.retrieveByName(java.lang.String,int,int)
01:12:24.746 default [main] INFO  o.s.w.s.m.m.a.RequestMappingHandlerMapping - Mapped "{[/api/v1/poi/search/by/region],methods=[GET],produces=[application/json]}" onto public com.servustech.carehome.web.model.PaginatedCollectionResponse<com.servustech.carehome.poi.PointOfInterestDTO> com.servustech.carehome.poi.POISearchController.retrieveByRegion(java.lang.String,int,int)
01:12:24.746 default [main] INFO  o.s.w.s.m.m.a.RequestMappingHandlerMapping - Mapped "{[/api/v1/poi/search/by/address],methods=[GET],produces=[application/json]}" onto public com.servustech.carehome.web.model.PaginatedCollectionResponse<com.servustech.carehome.poi.PointOfInterestDTO> com.servustech.carehome.poi.POISearchController.retrieveByZipCode(java.lang.Integer,java.lang.Integer,java.lang.String,java.lang.String,java.lang.String,int,int)
01:12:24.746 default [main] INFO  o.s.w.s.m.m.a.RequestMappingHandlerMapping - Mapped "{[/api/v1/poi/search/by/price],methods=[GET],produces=[application/json]}" onto public com.servustech.carehome.web.model.PaginatedCollectionResponse<com.servustech.carehome.poi.PointOfInterestDTO> com.servustech.carehome.poi.POISearchController.retrieveByPrice(java.lang.Double,java.lang.Double,int,int)
01:12:24.746 default [main] INFO  o.s.w.s.m.m.a.RequestMappingHandlerMapping - Mapped "{[/api/v1/poi/search/by/rating],methods=[GET],produces=[application/json]}" onto public com.servustech.carehome.web.model.PaginatedCollectionResponse<com.servustech.carehome.poi.PointOfInterestDTO> com.servustech.carehome.poi.POISearchController.retrieveByRating(java.lang.Double,java.lang.Double,int,int)
01:12:24.748 default [main] INFO  o.s.w.s.m.m.a.RequestMappingHandlerMapping - Mapped "{[/api/v1/carehome/all],methods=[GET],produces=[application/json]}" onto public com.servustech.carehome.web.model.PaginatedCollectionResponse<com.servustech.carehome.poi.PointOfInterestDTO> com.servustech.carehome.poi.POIController.getAll(int,int)
01:12:24.749 default [main] INFO  o.s.w.s.m.m.a.RequestMappingHandlerMapping - Mapped "{[/api/v1/carehome/{care-uuid}],methods=[GET],produces=[application/json]}" onto public com.servustech.carehome.web.model.ItemResponse<com.servustech.carehome.poi.PointOfInterestDTO> com.servustech.carehome.poi.POIController.getPOI(java.lang.String)
01:12:24.749 default [main] INFO  o.s.w.s.m.m.a.RequestMappingHandlerMapping - Mapped "{[/api/v1/carehome/compare],methods=[POST],consumes=[application/json;charset=UTF-8],produces=[application/json]}" onto public com.servustech.carehome.web.model.PaginatedCollectionResponse<com.servustech.carehome.poi.PointOfInterestDTO> com.servustech.carehome.poi.POIController.retrieveByUUIDs(com.servustech.carehome.poi.PointOfInterestUUID)
01:12:24.749 default [main] INFO  o.s.w.s.m.m.a.RequestMappingHandlerMapping - Mapped "{[/api/v1/carehome/{poi-uuid}/pictures],methods=[GET],produces=[application/json]}" onto public com.servustech.carehome.web.model.CollectionResponse<com.servustech.carehome.file.FileResourceDTO> com.servustech.carehome.poi.POIController.retrievePOIFiles(java.lang.String)
01:12:24.749 default [main] INFO  o.s.w.s.m.m.a.RequestMappingHandlerMapping - Mapped "{[/api/v1/carehome/{care-uuid}/comments],methods=[GET],produces=[application/json]}" onto public com.servustech.carehome.web.model.ItemResponse<com.servustech.carehome.comment.CommentsDTO> com.servustech.carehome.poi.POIController.getCareHomeComments(java.lang.String)
01:12:24.750 default [main] INFO  o.s.w.s.m.m.a.RequestMappingHandlerMapping - Mapped "{[/api/v1/carehome/compare/rating],methods=[POST],consumes=[application/json;charset=UTF-8],produces=[application/json]}" onto public com.servustech.carehome.web.model.PaginatedCollectionResponse<com.servustech.carehome.poi.PointOfInterestDTO> com.servustech.carehome.poi.POIController.compareCarehomesByRating(com.servustech.carehome.poi.PointOfInterestUUID)
01:12:24.751 default [main] INFO  o.s.w.s.m.m.a.RequestMappingHandlerMapping - Mapped "{[/api/v1/files/file-resources/admin/ping],methods=[GET],produces=[text/html]}" onto public void com.servustech.carehome.file.FileResourcesController.ping(javax.servlet.http.HttpServletResponse) throws java.io.IOException
01:12:24.751 default [main] INFO  o.s.w.s.m.m.a.RequestMappingHandlerMapping - Mapped "{[/api/v1/files/users/{user-uuid}/file-resources],methods=[GET],produces=[application/json]}" onto public com.servustech.carehome.web.model.CollectionResponse<com.servustech.carehome.file.FileResourceDTO> com.servustech.carehome.file.FileResourcesController.retrieveUserFiles(java.lang.String,java.lang.String,java.lang.String,java.lang.String,java.lang.String)
01:12:24.751 default [main] INFO  o.s.w.s.m.m.a.RequestMappingHandlerMapping - Mapped "{[/api/v1/files/file-resources/{file-uuid}],methods=[GET]}" onto public org.springframework.http.ResponseEntity<byte[]> com.servustech.carehome.file.FileResourcesController.downloadFile(java.lang.String)
01:12:24.752 default [main] INFO  o.s.w.s.m.m.a.RequestMappingHandlerMapping - Mapped "{[/api/v1/files/users/{user-uuid}/file-resources],methods=[POST],consumes=[multipart/form-data],produces=[application/json]}" onto public com.servustech.carehome.web.model.ItemResponse<com.servustech.carehome.file.FileResourceDTO> com.servustech.carehome.file.FileResourcesController.saveUserFile(java.lang.String,java.lang.String,java.lang.String,java.lang.String,org.springframework.web.multipart.MultipartFile) throws java.io.IOException
01:12:24.752 default [main] INFO  o.s.w.s.m.m.a.RequestMappingHandlerMapping - Mapped "{[/api/v1/files/file-resources],methods=[POST],consumes=[multipart/form-data],produces=[application/json]}" onto public com.servustech.carehome.web.model.ItemResponse<com.servustech.carehome.file.FileResourceDTO> com.servustech.carehome.file.FileResourcesController.saveFile(java.lang.String,java.lang.String,java.lang.String,org.springframework.web.multipart.MultipartFile) throws java.io.IOException
01:12:24.752 default [main] INFO  o.s.w.s.m.m.a.RequestMappingHandlerMapping - Mapped "{[/api/v1/files/file-resources/{file-uuid}],methods=[DELETE]}" onto public void com.servustech.carehome.file.FileResourcesController.deleteFile(java.lang.String)
01:12:24.752 default [main] INFO  o.s.w.s.m.m.a.RequestMappingHandlerMapping - Mapped "{[/api/v1/files/file-resources/{file-uuid}],methods=[PUT],consumes=[application/json],produces=[application/json]}" onto public com.servustech.carehome.web.model.ItemResponse<com.servustech.carehome.file.FileResourceDTO> com.servustech.carehome.file.FileResourcesController.updateFileResource(java.lang.String,com.servustech.carehome.file.FileResourceDTO)
01:12:24.753 default [main] INFO  o.s.w.s.m.m.a.RequestMappingHandlerMapping - Mapped "{[/api/v1/users/{user-uuid}/comments/admin/ping],methods=[GET],produces=[text/html]}" onto public void com.servustech.carehome.comment.CommentController.ping(javax.servlet.http.HttpServletRequest,javax.servlet.http.HttpServletResponse) throws java.io.IOException
01:12:24.754 default [main] INFO  o.s.w.s.m.m.a.RequestMappingHandlerMapping - Mapped "{[/api/v1/users/{user-uuid}/comments/{comment-uuid}],methods=[PUT],consumes=[application/json],produces=[application/json]}" onto public com.servustech.carehome.web.model.ItemResponse<com.servustech.carehome.comment.CommentDTO> com.servustech.carehome.comment.CommentController.updatePOI(java.lang.String,java.lang.String,com.servustech.carehome.comment.CommentDTO)
01:12:24.754 default [main] INFO  o.s.w.s.m.m.a.RequestMappingHandlerMapping - Mapped "{[/api/v1/users/{user-uuid}/comments],methods=[POST],consumes=[application/json],produces=[application/json]}" onto public com.servustech.carehome.web.model.ItemResponse<com.servustech.carehome.comment.CommentDTO> com.servustech.carehome.comment.CommentController.createComment(java.lang.String,com.servustech.carehome.comment.CommentDTO)
01:12:24.755 default [main] INFO  o.s.w.s.m.m.a.RequestMappingHandlerMapping - Mapped "{[/api/v1/users],methods=[GET],produces=[application/json]}" onto public com.servustech.carehome.web.model.PaginatedCollectionResponse<com.servustech.carehome.user.UserDTO> com.servustech.carehome.user.UserController.getAll(int,int)
01:12:24.755 default [main] INFO  o.s.w.s.m.m.a.RequestMappingHandlerMapping - Mapped "{[/api/v1/users/admin/ping],methods=[GET],produces=[text/html]}" onto public void com.servustech.carehome.user.UserController.ping(javax.servlet.http.HttpServletRequest,javax.servlet.http.HttpServletResponse) throws java.io.IOException
01:12:24.755 default [main] INFO  o.s.w.s.m.m.a.RequestMappingHandlerMapping - Mapped "{[/api/v1/users/{user-uuid}/profile],methods=[DELETE]}" onto public void com.servustech.carehome.user.UserController.deleteFile(java.lang.String)
01:12:24.756 default [main] INFO  o.s.w.s.m.m.a.RequestMappingHandlerMapping - Mapped "{[/api/v1/users],methods=[POST],consumes=[application/json],produces=[application/json]}" onto public com.servustech.carehome.web.model.ItemResponse<com.servustech.carehome.user.UserDTO> com.servustech.carehome.user.UserController.registerUser(com.servustech.carehome.user.UserDTO)
01:12:24.756 default [main] INFO  o.s.w.s.m.m.a.RequestMappingHandlerMapping - Mapped "{[/api/v1/users/{user-uuid}/profile],methods=[POST],consumes=[multipart/form-data],produces=[application/json]}" onto public com.servustech.carehome.web.model.ItemResponse<com.servustech.carehome.user.UserProfileDTO> com.servustech.carehome.user.UserController.saveUserProfile(java.lang.String,java.lang.String,java.lang.String,java.lang.String,java.lang.String,java.lang.String,java.lang.String,org.springframework.web.multipart.MultipartFile) throws java.io.IOException
01:12:24.756 default [main] INFO  o.s.w.s.m.m.a.RequestMappingHandlerMapping - Mapped "{[/api/v1/users/{user-uuid}/profile],methods=[GET],produces=[application/json]}" onto public com.servustech.carehome.web.model.ItemResponse<com.servustech.carehome.user.UserProfileDTO> com.servustech.carehome.user.UserController.getProfile(java.lang.String)
01:12:24.756 default [main] INFO  o.s.w.s.m.m.a.RequestMappingHandlerMapping - Mapped "{[/api/v1/users/{user-uuid}/profile/avatar],methods=[GET]}" onto public org.springframework.http.ResponseEntity<byte[]> com.servustech.carehome.user.UserController.getAvatar(java.lang.String)
01:12:24.756 default [main] INFO  o.s.w.s.m.m.a.RequestMappingHandlerMapping - Mapped "{[/api/v1/users/{user-uuid}],methods=[GET],produces=[application/json]}" onto public com.servustech.carehome.web.model.ItemResponse<com.servustech.carehome.user.UserDTO> com.servustech.carehome.user.UserController.getByID(java.lang.String)
01:12:24.758 default [main] INFO  o.s.w.s.m.m.a.RequestMappingHandlerMapping - Mapped "{[/api/v1/users/{user-uuid}/business/admin/ping],methods=[GET],produces=[text/html]}" onto public void com.servustech.carehome.business.BusinessController.ping(javax.servlet.http.HttpServletRequest,javax.servlet.http.HttpServletResponse) throws java.io.IOException
01:12:24.758 default [main] INFO  o.s.w.s.m.m.a.RequestMappingHandlerMapping - Mapped "{[/api/v1/users/{user-uuid}/business/carehomes],methods=[POST],consumes=[application/json],produces=[application/json]}" onto public com.servustech.carehome.web.model.ItemResponse<com.servustech.carehome.poi.PointOfInterestDTO> com.servustech.carehome.business.BusinessController.createPOI(java.lang.String,com.servustech.carehome.poi.PointOfInterestDTO)
01:12:24.758 default [main] INFO  o.s.w.s.m.m.a.RequestMappingHandlerMapping - Mapped "{[/api/v1/users/{user-uuid}/business/carehomes/{poi-uuid}],methods=[PUT],consumes=[application/json],produces=[application/json]}" onto public com.servustech.carehome.web.model.ItemResponse<com.servustech.carehome.poi.PointOfInterestDTO> com.servustech.carehome.business.BusinessController.updatePOI(java.lang.String,java.lang.String,com.servustech.carehome.poi.PointOfInterestDTO)
01:12:24.759 default [main] INFO  o.s.w.s.m.m.a.RequestMappingHandlerMapping - Mapped "{[/api/v1/users/{user-uuid}/business/carehomes/{poi-uuid}],methods=[GET],produces=[application/json]}" onto public com.servustech.carehome.web.model.ItemResponse<com.servustech.carehome.poi.PointOfInterestDTO> com.servustech.carehome.business.BusinessController.getPOI(java.lang.String,java.lang.String)
01:12:24.759 default [main] INFO  o.s.w.s.m.m.a.RequestMappingHandlerMapping - Mapped "{[/api/v1/users/{user-uuid}/business/carehomes/{poi-uuid}],methods=[DELETE],produces=[application/json]}" onto public void com.servustech.carehome.business.BusinessController.deletePOI(java.lang.String,java.lang.String)
01:12:24.759 default [main] INFO  o.s.w.s.m.m.a.RequestMappingHandlerMapping - Mapped "{[/api/v1/users/{user-uuid}/business/carehomes/{poi-uuid}/pictures/{pic-uuid}],methods=[DELETE],produces=[application/json]}" onto public void com.servustech.carehome.business.BusinessController.deletePicture(java.lang.String,java.lang.String,java.lang.String)
01:12:24.759 default [main] INFO  o.s.w.s.m.m.a.RequestMappingHandlerMapping - Mapped "{[/api/v1/users/{user-uuid}/business/pictures/{pic-uuid}],methods=[DELETE],produces=[application/json]}" onto public void com.servustech.carehome.business.BusinessController.deletePicture(java.lang.String,java.lang.String)
01:12:24.759 default [main] INFO  o.s.w.s.m.m.a.RequestMappingHandlerMapping - Mapped "{[/api/v1/users/{user-uuid}/business/carehomes/{poi-uuid}/pictures],methods=[GET],produces=[application/json]}" onto public com.servustech.carehome.web.model.CollectionResponse<com.servustech.carehome.file.FileResourceDTO> com.servustech.carehome.business.BusinessController.retrievePOIFiles(java.lang.String,java.lang.String)
01:12:24.759 default [main] INFO  o.s.w.s.m.m.a.RequestMappingHandlerMapping - Mapped "{[/api/v1/users/{user-uuid}/business/carehomes/{poi-uuid}/pictures],methods=[POST],consumes=[multipart/form-data],produces=[application/json]}" onto public com.servustech.carehome.web.model.ItemResponse<com.servustech.carehome.file.FileResourceDTO> com.servustech.carehome.business.BusinessController.saveFile(java.lang.String,java.lang.String,java.lang.String,java.lang.String,java.lang.String,org.springframework.web.multipart.MultipartFile,boolean) throws java.io.IOException
01:12:24.759 default [main] INFO  o.s.w.s.m.m.a.RequestMappingHandlerMapping - Mapped "{[/api/v1/users/{user-uuid}/business/pictures],methods=[POST],consumes=[multipart/form-data],produces=[application/json]}" onto public com.servustech.carehome.web.model.ItemResponse<com.servustech.carehome.file.FileResourceDTO> com.servustech.carehome.business.BusinessController.saveFile(java.lang.String,java.lang.String,java.lang.String,java.lang.String,org.springframework.web.multipart.MultipartFile) throws java.io.IOException
01:12:24.759 default [main] INFO  o.s.w.s.m.m.a.RequestMappingHandlerMapping - Mapped "{[/api/v1/users/{user-uuid}/business],methods=[POST],consumes=[application/json],produces=[application/json]}" onto public com.servustech.carehome.web.model.ItemResponse<com.servustech.carehome.business.BusinessDTO> com.servustech.carehome.business.BusinessController.addBusiness(java.lang.String,com.servustech.carehome.business.BusinessDTO)
01:12:24.759 default [main] INFO  o.s.w.s.m.m.a.RequestMappingHandlerMapping - Mapped "{[/api/v1/users/{user-uuid}/business],methods=[PUT],consumes=[application/json],produces=[application/json]}" onto public com.servustech.carehome.web.model.ItemResponse<com.servustech.carehome.business.BusinessDTO> com.servustech.carehome.business.BusinessController.updateBusiness(java.lang.String,com.servustech.carehome.business.BusinessDTO)
01:12:24.759 default [main] INFO  o.s.w.s.m.m.a.RequestMappingHandlerMapping - Mapped "{[/api/v1/users/{user-uuid}/business/logo],methods=[POST],consumes=[multipart/form-data]}" onto public void com.servustech.carehome.business.BusinessController.saveLogo(java.lang.String,org.springframework.web.multipart.MultipartFile,javax.servlet.http.HttpServletResponse) throws java.io.IOException
01:12:24.759 default [main] INFO  o.s.w.s.m.m.a.RequestMappingHandlerMapping - Mapped "{[/api/v1/users/{user-uuid}/business/carehomes],methods=[GET],produces=[application/json]}" onto public com.servustech.carehome.web.model.CollectionResponse<com.servustech.carehome.poi.PointOfInterestDTO> com.servustech.carehome.business.BusinessController.getCareHomes(java.lang.String)
01:12:24.759 default [main] INFO  o.s.w.s.m.m.a.RequestMappingHandlerMapping - Mapped "{[/api/v1/users/{user-uuid}/business],methods=[GET],produces=[application/json]}" onto public com.servustech.carehome.web.model.ItemResponse<com.servustech.carehome.business.BusinessDTO> com.servustech.carehome.business.BusinessController.getBusiness(java.lang.String)
01:12:24.760 default [main] INFO  o.s.w.s.m.m.a.RequestMappingHandlerMapping - Mapped "{[/api/v1/business/all],methods=[GET],produces=[application/json]}" onto public com.servustech.carehome.web.model.PaginatedCollectionResponse<com.servustech.carehome.business.BusinessDTO> com.servustech.carehome.business.BusinessPublicController.getAll(int,int)
01:12:24.760 default [main] INFO  o.s.w.s.m.m.a.RequestMappingHandlerMapping - Mapped "{[/v2/api-docs],methods=[GET]}" onto public org.springframework.http.ResponseEntity<springfox.documentation.spring.web.json.Json> springfox.documentation.swagger2.web.Swagger2Controller.getDocumentation(java.lang.String)
01:12:24.761 default [main] INFO  o.s.w.s.m.m.a.RequestMappingHandlerMapping - Mapped "{[/swagger-resources]}" onto org.springframework.http.ResponseEntity<java.util.List<springfox.documentation.swagger.web.SwaggerResource>> springfox.documentation.swagger.web.ApiResourceController.swaggerResources()
01:12:24.762 default [main] INFO  o.s.w.s.m.m.a.RequestMappingHandlerMapping - Mapped "{[/configuration/ui]}" onto org.springframework.http.ResponseEntity<springfox.documentation.swagger.web.UiConfiguration> springfox.documentation.swagger.web.ApiResourceController.uiConfiguration()
01:12:24.763 default [main] INFO  o.s.w.s.m.m.a.RequestMappingHandlerMapping - Mapped "{[/configuration/security]}" onto org.springframework.http.ResponseEntity<springfox.documentation.swagger.web.SecurityConfiguration> springfox.documentation.swagger.web.ApiResourceController.securityConfiguration()
01:12:24.764 default [main] INFO  o.s.w.s.m.m.a.RequestMappingHandlerMapping - Mapped "{[/error],produces=[text/html]}" onto public org.springframework.web.servlet.ModelAndView org.springframework.boot.autoconfigure.web.BasicErrorController.errorHtml(javax.servlet.http.HttpServletRequest,javax.servlet.http.HttpServletResponse)
01:12:24.765 default [main] INFO  o.s.w.s.m.m.a.RequestMappingHandlerMapping - Mapped "{[/error]}" onto public org.springframework.http.ResponseEntity<java.util.Map<java.lang.String, java.lang.Object>> org.springframework.boot.autoconfigure.web.BasicErrorController.error(javax.servlet.http.HttpServletRequest)
01:12:25.948 default [main] INFO  o.s.b.a.e.mvc.EndpointHandlerMapping - Mapped "{[/actuator/mappings || /actuator/mappings.json],methods=[GET],produces=[application/json]}" onto public java.lang.Object org.springframework.boot.actuate.endpoint.mvc.EndpointMvcAdapter.invoke()
01:12:25.948 default [main] INFO  o.s.b.a.e.mvc.EndpointHandlerMapping - Mapped "{[/actuator/trace || /actuator/trace.json],methods=[GET],produces=[application/json]}" onto public java.lang.Object org.springframework.boot.actuate.endpoint.mvc.EndpointMvcAdapter.invoke()
01:12:25.948 default [main] INFO  o.s.b.a.e.mvc.EndpointHandlerMapping - Mapped "{[/actuator/configprops || /actuator/configprops.json],methods=[GET],produces=[application/json]}" onto public java.lang.Object org.springframework.boot.actuate.endpoint.mvc.EndpointMvcAdapter.invoke()
01:12:25.948 default [main] INFO  o.s.b.a.e.mvc.EndpointHandlerMapping - Mapped "{[/actuator/logfile || /actuator/logfile.json],methods=[GET || HEAD]}" onto public void org.springframework.boot.actuate.endpoint.mvc.LogFileMvcEndpoint.invoke(javax.servlet.http.HttpServletRequest,javax.servlet.http.HttpServletResponse) throws javax.servlet.ServletException,java.io.IOException
01:12:25.948 default [main] INFO  o.s.b.a.e.mvc.EndpointHandlerMapping - Mapped "{[/actuator || /actuator.json],produces=[application/json]}" onto public org.springframework.hateoas.ResourceSupport org.springframework.boot.actuate.endpoint.mvc.HalJsonMvcEndpoint.links()
01:12:25.949 default [main] INFO  o.s.b.a.e.mvc.EndpointHandlerMapping - Mapped "{[/actuator/health || /actuator/health.json],produces=[application/json]}" onto public java.lang.Object org.springframework.boot.actuate.endpoint.mvc.HealthMvcEndpoint.invoke(java.security.Principal)
01:12:25.949 default [main] INFO  o.s.b.a.e.mvc.EndpointHandlerMapping - Mapped "{[/actuator/info || /actuator/info.json],methods=[GET],produces=[application/json]}" onto public java.lang.Object org.springframework.boot.actuate.endpoint.mvc.EndpointMvcAdapter.invoke()
01:12:25.949 default [main] INFO  o.s.b.a.e.mvc.EndpointHandlerMapping - Mapped "{[/actuator/beans || /actuator/beans.json],methods=[GET],produces=[application/json]}" onto public java.lang.Object org.springframework.boot.actuate.endpoint.mvc.EndpointMvcAdapter.invoke()
01:12:25.949 default [main] INFO  o.s.b.a.e.mvc.EndpointHandlerMapping - Mapped "{[/actuator/env/{name:.*}],methods=[GET],produces=[application/json]}" onto public java.lang.Object org.springframework.boot.actuate.endpoint.mvc.EnvironmentMvcEndpoint.value(java.lang.String)
01:12:25.949 default [main] INFO  o.s.b.a.e.mvc.EndpointHandlerMapping - Mapped "{[/actuator/env || /actuator/env.json],methods=[GET],produces=[application/json]}" onto public java.lang.Object org.springframework.boot.actuate.endpoint.mvc.EndpointMvcAdapter.invoke()
01:12:25.949 default [main] INFO  o.s.b.a.e.mvc.EndpointHandlerMapping - Mapped "{[/actuator/metrics/{name:.*}],methods=[GET],produces=[application/json]}" onto public java.lang.Object org.springframework.boot.actuate.endpoint.mvc.MetricsMvcEndpoint.value(java.lang.String)
01:12:25.949 default [main] INFO  o.s.b.a.e.mvc.EndpointHandlerMapping - Mapped "{[/actuator/metrics || /actuator/metrics.json],methods=[GET],produces=[application/json]}" onto public java.lang.Object org.springframework.boot.actuate.endpoint.mvc.EndpointMvcAdapter.invoke()
01:12:25.950 default [main] INFO  o.s.b.a.e.mvc.EndpointHandlerMapping - Mapped "{[/actuator/dump || /actuator/dump.json],methods=[GET],produces=[application/json]}" onto public java.lang.Object org.springframework.boot.actuate.endpoint.mvc.EndpointMvcAdapter.invoke()
01:12:25.950 default [main] INFO  o.s.b.a.e.mvc.EndpointHandlerMapping - Mapped "{[/actuator/autoconfig || /actuator/autoconfig.json],methods=[GET],produces=[application/json]}" onto public java.lang.Object org.springframework.boot.actuate.endpoint.mvc.EndpointMvcAdapter.invoke()
01:12:26.091 default [main] INFO  o.s.w.s.m.m.a.RequestMappingHandlerAdapter - Looking for @ControllerAdvice: org.springframework.boot.context.embedded.AnnotationConfigEmbeddedWebApplicationContext@7a4ccb53: startup date [Fri Oct 18 01:12:22 EEST 2024]; root of context hierarchy
01:12:26.097 default [main] INFO  o.s.w.s.m.m.a.RequestMappingHandlerAdapter - Detected ResponseBodyAdvice bean in org.springframework.boot.actuate.autoconfigure.EndpointWebMvcHypermediaManagementContextConfiguration$ActuatorEndpointLinksAdvice
01:12:26.123 default [main] INFO  o.s.w.s.h.SimpleUrlHandlerMapping - Mapped URL path [/webjars/**] onto handler of type [class org.springframework.web.servlet.resource.ResourceHttpRequestHandler]
01:12:26.123 default [main] INFO  o.s.w.s.h.SimpleUrlHandlerMapping - Mapped URL path [/**] onto handler of type [class org.springframework.web.servlet.resource.ResourceHttpRequestHandler]
01:12:26.136 default [main] INFO  o.s.w.s.m.m.a.ExceptionHandlerExceptionResolver - Detected @ExceptionHandler methods in restExceptionProcessor
01:12:26.136 default [main] INFO  o.s.w.s.m.m.a.ExceptionHandlerExceptionResolver - Detected ResponseBodyAdvice implementation in org.springframework.boot.actuate.autoconfigure.EndpointWebMvcHypermediaManagementContextConfiguration$ActuatorEndpointLinksAdvice
01:12:26.148 default [main] INFO  o.s.w.s.h.SimpleUrlHandlerMapping - Mapped URL path [/**/favicon.ico] onto handler of type [class org.springframework.web.servlet.resource.ResourceHttpRequestHandler]
01:12:26.214 default [main] INFO  o.s.b.a.a.CrshAutoConfiguration$CrshBootstrapBean - Configuring property auth.spring.roles=ADMIN from properties
01:12:26.228 default [main] INFO  o.s.b.a.a.CrshAutoConfiguration$CrshBootstrapBean - Configuring property ssh.port=2000 from properties
01:12:26.229 default [main] INFO  o.s.b.a.a.CrshAutoConfiguration$CrshBootstrapBean - Configuring property ssh.auth_timeout=600000 from properties
01:12:26.229 default [main] INFO  o.s.b.a.a.CrshAutoConfiguration$CrshBootstrapBean - Configuring property ssh.idle_timeout=600000 from properties
01:12:26.229 default [main] INFO  o.s.b.a.a.CrshAutoConfiguration$CrshBootstrapBean - Configuring property ssh.default_encoding=UTF-8 from properties
01:12:26.229 default [main] INFO  o.s.b.a.a.CrshAutoConfiguration$CrshBootstrapBean - Configuring property auth=spring from properties
01:12:26.529 default [main] INFO  o.s.j.e.a.AnnotationMBeanExporter - Registering beans for JMX exposure on startup
01:12:26.535 default [main] INFO  o.s.b.a.e.jmx.EndpointMBeanExporter - Registering beans for JMX exposure on startup
01:12:26.539 default [main] INFO  o.s.c.s.DefaultLifecycleProcessor - Starting beans in phase 0
01:12:26.541 default [main] INFO  o.s.b.a.e.jmx.EndpointMBeanExporter - Located managed bean 'requestMappingEndpoint': registering with JMX server as MBean [org.springframework.boot:type=Endpoint,name=requestMappingEndpoint,identity=24ce5d4c]
01:12:26.557 default [main] INFO  o.s.b.a.e.jmx.EndpointMBeanExporter - Located managed bean 'environmentEndpoint': registering with JMX server as MBean [org.springframework.boot:type=Endpoint,name=environmentEndpoint,identity=7bb3294c]
01:12:26.561 default [main] INFO  o.s.b.a.e.jmx.EndpointMBeanExporter - Located managed bean 'healthEndpoint': registering with JMX server as MBean [org.springframework.boot:type=Endpoint,name=healthEndpoint,identity=6e80de85]
01:12:26.564 default [main] INFO  o.s.b.a.e.jmx.EndpointMBeanExporter - Located managed bean 'beansEndpoint': registering with JMX server as MBean [org.springframework.boot:type=Endpoint,name=beansEndpoint,identity=5274acd1]
01:12:26.567 default [main] INFO  o.s.b.a.e.jmx.EndpointMBeanExporter - Located managed bean 'infoEndpoint': registering with JMX server as MBean [org.springframework.boot:type=Endpoint,name=infoEndpoint,identity=341889a1]
01:12:26.570 default [main] INFO  o.s.b.a.e.jmx.EndpointMBeanExporter - Located managed bean 'metricsEndpoint': registering with JMX server as MBean [org.springframework.boot:type=Endpoint,name=metricsEndpoint,identity=7fb1820d]
01:12:26.572 default [main] INFO  o.s.b.a.e.jmx.EndpointMBeanExporter - Located managed bean 'traceEndpoint': registering with JMX server as MBean [org.springframework.boot:type=Endpoint,name=traceEndpoint,identity=18139a43]
01:12:26.574 default [main] INFO  o.s.b.a.e.jmx.EndpointMBeanExporter - Located managed bean 'dumpEndpoint': registering with JMX server as MBean [org.springframework.boot:type=Endpoint,name=dumpEndpoint,identity=6500e886]
01:12:26.579 default [main] INFO  o.s.b.a.e.jmx.EndpointMBeanExporter - Located managed bean 'autoConfigurationReportEndpoint': registering with JMX server as MBean [org.springframework.boot:type=Endpoint,name=autoConfigurationReportEndpoint,identity=2b441609]
01:12:26.581 default [main] INFO  o.s.b.a.e.jmx.EndpointMBeanExporter - Located managed bean 'configurationPropertiesReportEndpoint': registering with JMX server as MBean [org.springframework.boot:type=Endpoint,name=configurationPropertiesReportEndpoint,identity=4bc4ec43]
01:12:26.975 default [main] INFO  o.s.b.c.e.t.TomcatEmbeddedServletContainer - Tomcat started on port(s): 8181 (http)
01:12:26.979 default [main] INFO  c.s.carehome.CareHomeWarApplication - Started CareHomeWarApplication in 5.5 seconds (JVM running for 5.76)
01:12:33.327 default [http-nio-8181-exec-1] INFO  o.s.web.servlet.DispatcherServlet - FrameworkServlet 'dispatcherServlet': initialization started
01:12:33.339 default [http-nio-8181-exec-1] INFO  o.s.web.servlet.DispatcherServlet - FrameworkServlet 'dispatcherServlet': initialization completed in 12 ms
12:33:14.826 default [Thread-5] INFO  o.s.b.c.e.AnnotationConfigEmbeddedWebApplicationContext - Closing org.springframework.boot.context.embedded.AnnotationConfigEmbeddedWebApplicationContext@7a4ccb53: startup date [Fri Oct 18 01:12:22 EEST 2024]; root of context hierarchy
12:33:14.828 default [Thread-5] INFO  o.s.c.s.DefaultLifecycleProcessor - Stopping beans in phase 0
12:33:14.831 default [Thread-5] INFO  o.s.b.a.e.jmx.EndpointMBeanExporter - Unregistering JMX-exposed beans on shutdown
12:33:14.832 default [Thread-5] INFO  o.s.b.a.e.jmx.EndpointMBeanExporter - Unregistering JMX-exposed beans
12:33:14.832 default [Thread-5] INFO  o.s.j.e.a.AnnotationMBeanExporter - Unregistering JMX-exposed beans on shutdown
12:33:14.839 default [Thread-5] INFO  o.s.b.a.d.e.ElasticsearchAutoConfiguration - Closing Elasticsearch client
